[    0.000000] Linux version 4.15.0-115-generic (buildd@lgw01-amd64-037) (gcc version 7.5.0 (Ubuntu 7.5.0-3ubuntu1~18.04)) #116-Ubuntu SMP Wed Aug 26 14:04:49 UTC 2020 (Ubuntu 4.15.0-115.116-generic 4.15.18)
[    0.000000] Command line: BOOT_IMAGE=/boot/vmlinuz-4.15.0-115-generic root=LABEL=cloudimg-rootfs ro console=tty1 console=ttyS0
[    0.000000] KERNEL supported cpus:
[    0.000000]   Intel GenuineIntel
[    0.000000]   AMD AuthenticAMD
[    0.000000]   Centaur CentaurHauls
[    0.000000] x86/fpu: Supporting XSAVE feature 0x001: 'x87 floating point registers'
[    0.000000] x86/fpu: Supporting XSAVE feature 0x002: 'SSE registers'
[    0.000000] x86/fpu: Supporting XSAVE feature 0x004: 'AVX registers'
[    0.000000] x86/fpu: xstate_offset[2]:  576, xstate_sizes[2]:  256
[    0.000000] x86/fpu: Enabled xstate features 0x7, context size is 832 bytes, using 'standard' format.
[    0.000000] e820: BIOS-provided physical RAM map:
[    0.000000] BIOS-e820: [mem 0x0000000000000000-0x000000000009fbff] usable
[    0.000000] BIOS-e820: [mem 0x000000000009fc00-0x000000000009ffff] reserved
[    0.000000] BIOS-e820: [mem 0x00000000000f0000-0x00000000000fffff] reserved
[    0.000000] BIOS-e820: [mem 0x0000000000100000-0x000000003ffeffff] usable
[    0.000000] BIOS-e820: [mem 0x000000003fff0000-0x000000003fffffff] ACPI data
[    0.000000] BIOS-e820: [mem 0x00000000fec00000-0x00000000fec00fff] reserved
[    0.000000] BIOS-e820: [mem 0x00000000fee00000-0x00000000fee00fff] reserved
[    0.000000] BIOS-e820: [mem 0x00000000fffc0000-0x00000000ffffffff] reserved
[    0.000000] NX (Execute Disable) protection: active
[    0.000000] SMBIOS 2.5 present.
[    0.000000] DMI: innotek GmbH VirtualBox/VirtualBox, BIOS VirtualBox 12/01/2006
[    0.000000] Hypervisor detected: KVM
[    0.000000] e820: last_pfn = 0x3fff0 max_arch_pfn = 0x400000000
[    0.000000] MTRR: Disabled
[    0.000000] x86/PAT: MTRRs disabled, skipping PAT initialization too.
[    0.000000] CPU MTRRs all blank - virtualized system.
[    0.000000] x86/PAT: Configuration [0-7]: WB  WT  UC- UC  WB  WT  UC- UC  
[    0.000000] found SMP MP-table at [mem 0x0009fff0-0x0009ffff]
[    0.000000] Scanning 1 areas for low memory corruption
[    0.000000] RAMDISK: [mem 0x35a67000-0x36d2afff]
[    0.000000] ACPI: Early table checksum verification disabled
[    0.000000] ACPI: RSDP 0x00000000000E0000 000024 (v02 VBOX  )
[    0.000000] ACPI: XSDT 0x000000003FFF0030 00003C (v01 VBOX   VBOXXSDT 00000001 ASL  00000061)
[    0.000000] ACPI: FACP 0x000000003FFF00F0 0000F4 (v04 VBOX   VBOXFACP 00000001 ASL  00000061)
[    0.000000] ACPI: DSDT 0x000000003FFF0470 002325 (v02 VBOX   VBOXBIOS 00000002 INTL 20100528)
[    0.000000] ACPI: FACS 0x000000003FFF0200 000040
[    0.000000] ACPI: FACS 0x000000003FFF0200 000040
[    0.000000] ACPI: APIC 0x000000003FFF0240 00005C (v02 VBOX   VBOXAPIC 00000001 ASL  00000061)
[    0.000000] ACPI: SSDT 0x000000003FFF02A0 0001CC (v01 VBOX   VBOXCPUT 00000002 INTL 20100528)
[    0.000000] No NUMA configuration found
[    0.000000] Faking a node at [mem 0x0000000000000000-0x000000003ffeffff]
[    0.000000] NODE_DATA(0) allocated [mem 0x3ffc5000-0x3ffeffff]
[    0.000000] kvm-clock: cpu 0, msr 0:3ff44001, primary cpu clock
[    0.000000] kvm-clock: Using msrs 4b564d01 and 4b564d00
[    0.000000] kvm-clock: using sched offset of 8352630369 cycles
[    0.000000] clocksource: kvm-clock: mask: 0xffffffffffffffff max_cycles: 0x1cd42e4dffb, max_idle_ns: 881590591483 ns
[    0.000000] Zone ranges:
[    0.000000]   DMA      [mem 0x0000000000001000-0x0000000000ffffff]
[    0.000000]   DMA32    [mem 0x0000000001000000-0x000000003ffeffff]
[    0.000000]   Normal   empty
[    0.000000]   Device   empty
[    0.000000] Movable zone start for each node
[    0.000000] Early memory node ranges
[    0.000000]   node   0: [mem 0x0000000000001000-0x000000000009efff]
[    0.000000]   node   0: [mem 0x0000000000100000-0x000000003ffeffff]
[    0.000000] Reserved but unavailable: 98 pages
[    0.000000] Initmem setup node 0 [mem 0x0000000000001000-0x000000003ffeffff]
[    0.000000] ACPI: PM-Timer IO Port: 0x4008
[    0.000000] IOAPIC[0]: apic_id 2, version 32, address 0xfec00000, GSI 0-23
[    0.000000] ACPI: INT_SRC_OVR (bus 0 bus_irq 0 global_irq 2 dfl dfl)
[    0.000000] ACPI: INT_SRC_OVR (bus 0 bus_irq 9 global_irq 9 low level)
[    0.000000] Using ACPI (MADT) for SMP configuration information
[    0.000000] smpboot: Allowing 2 CPUs, 0 hotplug CPUs
[    0.000000] PM: Registered nosave memory: [mem 0x00000000-0x00000fff]
[    0.000000] PM: Registered nosave memory: [mem 0x0009f000-0x0009ffff]
[    0.000000] PM: Registered nosave memory: [mem 0x000a0000-0x000effff]
[    0.000000] PM: Registered nosave memory: [mem 0x000f0000-0x000fffff]
[    0.000000] e820: [mem 0x40000000-0xfebfffff] available for PCI devices
[    0.000000] Booting paravirtualized kernel on KVM
[    0.000000] clocksource: refined-jiffies: mask: 0xffffffff max_cycles: 0xffffffff, max_idle_ns: 7645519600211568 ns
[    0.000000] random: get_random_bytes called from start_kernel+0x99/0x500 with crng_init=0
[    0.000000] setup_percpu: NR_CPUS:8192 nr_cpumask_bits:2 nr_cpu_ids:2 nr_node_ids:1
[    0.000000] percpu: Embedded 45 pages/cpu s147456 r8192 d28672 u1048576
[    0.000000] PV qspinlock hash table entries: 256 (order: 0, 4096 bytes)
[    0.000000] Built 1 zonelists, mobility grouping on.  Total pages: 257913
[    0.000000] Policy zone: DMA32
[    0.000000] Kernel command line: BOOT_IMAGE=/boot/vmlinuz-4.15.0-115-generic root=LABEL=cloudimg-rootfs ro console=tty1 console=ttyS0
[    0.000000] Memory: 983032K/1048120K available (12300K kernel code, 2481K rwdata, 4272K rodata, 2436K init, 2724K bss, 65088K reserved, 0K cma-reserved)
[    0.000000] SLUB: HWalign=64, Order=0-3, MinObjects=0, CPUs=2, Nodes=1
[    0.000000] Kernel/User page tables isolation: enabled
[    0.000000] ftrace: allocating 39392 entries in 154 pages
[    0.004000] Hierarchical RCU implementation.
[    0.004000] 	RCU restricting CPUs from NR_CPUS=8192 to nr_cpu_ids=2.
[    0.004000] 	Tasks RCU enabled.
[    0.004000] RCU: Adjusting geometry for rcu_fanout_leaf=16, nr_cpu_ids=2
[    0.004000] NR_IRQS: 524544, nr_irqs: 440, preallocated irqs: 16
[    0.004000] Console: colour VGA+ 80x25
[    0.004000] console [tty1] enabled
[    0.004000] console [ttyS0] enabled
[    0.004000] ACPI: Core revision 20170831
[    0.004000] ACPI: 2 ACPI AML tables successfully acquired and loaded
[    0.004000] APIC: Switch to symmetric I/O mode setup
[    0.004000] x2apic enabled
[    0.004016] Switched APIC routing to physical x2apic.
[    0.012000] ..TIMER: vector=0x30 apic1=0 pin1=2 apic2=-1 pin2=-1
[    0.012007] tsc: Detected 1895.697 MHz processor
[    0.016029] Calibrating delay loop (skipped) preset value.. 3791.39 BogoMIPS (lpj=7582788)
[    0.020014] pid_max: default: 32768 minimum: 301
[    0.024129] Security Framework initialized
[    0.028009] Yama: becoming mindful.
[    0.030162] AppArmor: AppArmor initialized
[    0.036149] Dentry cache hash table entries: 131072 (order: 8, 1048576 bytes)
[    0.040000] Inode-cache hash table entries: 65536 (order: 7, 524288 bytes)
[    0.040065] Mount-cache hash table entries: 2048 (order: 2, 16384 bytes)
[    0.044023] Mountpoint-cache hash table entries: 2048 (order: 2, 16384 bytes)
[    0.048967] Last level iTLB entries: 4KB 512, 2MB 8, 4MB 8
[    0.052009] Last level dTLB entries: 4KB 512, 2MB 32, 4MB 32, 1GB 0
[    0.056007] Spectre V1 : Mitigation: usercopy/swapgs barriers and __user pointer sanitization
[    0.060008] Spectre V2 : Mitigation: Full generic retpoline
[    0.064010] Spectre V2 : Spectre v2 / SpectreRSB mitigation: Filling RSB on context switch
[    0.068007] Speculative Store Bypass: Vulnerable
[    0.072115] MDS: Vulnerable: Clear CPU buffers attempted, no microcode
[    0.076725] Freeing SMP alternatives memory: 36K
[    0.194382] smpboot: CPU0: Intel(R) Core(TM) i3-3227U CPU @ 1.90GHz (family: 0x6, model: 0x3a, stepping: 0x9)
[    0.196242] Performance Events: unsupported p6 CPU model 58 no PMU driver, software events only.
[    0.200150] Hierarchical SRCU implementation.
[    0.204513] NMI watchdog: Perf event create on CPU 0 failed with -2
[    0.208012] NMI watchdog: Perf NMI watchdog permanently disabled
[    0.212182] smp: Bringing up secondary CPUs ...
[    0.216293] x86: Booting SMP configuration:
[    0.218830] .... node  #0, CPUs:      #1
[    0.004000] kvm-clock: cpu 1, msr 0:3ff44041, secondary cpu clock
[    0.228086] smp: Brought up 1 node, 2 CPUs
[    0.230533] smpboot: Max logical packages: 1
[    0.232016] smpboot: Total of 2 processors activated (7582.78 BogoMIPS)
[    0.236330] devtmpfs: initialized
[    0.240292] x86/mm: Memory block size: 128MB
[    0.244955] evm: security.selinux
[    0.247361] evm: security.SMACK64
[    0.248008] evm: security.SMACK64EXEC
[    0.252006] evm: security.SMACK64TRANSMUTE
[    0.254436] evm: security.SMACK64MMAP
[    0.256006] evm: security.apparmor
[    0.260008] evm: security.ima
[    0.262080] evm: security.capability
[    0.264177] clocksource: jiffies: mask: 0xffffffff max_cycles: 0xffffffff, max_idle_ns: 7645041785100000 ns
[    0.268033] futex hash table entries: 512 (order: 3, 32768 bytes)
[    0.276063] pinctrl core: initialized pinctrl subsystem
[    0.280371] RTC time:  8:05:42, date: 09/05/20
[    0.284391] NET: Registered protocol family 16
[    0.287455] audit: initializing netlink subsys (disabled)
[    0.288081] audit: type=2000 audit(1599293152.075:1): state=initialized audit_enabled=0 res=1
[    0.296026] cpuidle: using governor ladder
[    0.298738] cpuidle: using governor menu
[    0.300204] ACPI: bus type PCI registered
[    0.304009] acpiphp: ACPI Hot Plug PCI Controller Driver version: 0.5
[    0.308439] PCI: Using configuration type 1 for base access
[    0.316098] HugeTLB registered 2.00 MiB page size, pre-allocated 0 pages
[    0.320350] ACPI: Added _OSI(Module Device)
[    0.324024] ACPI: Added _OSI(Processor Device)
[    0.327007] ACPI: Added _OSI(3.0 _SCP Extensions)
[    0.328011] ACPI: Added _OSI(Processor Aggregator Device)
[    0.332010] ACPI: Added _OSI(Linux-Dell-Video)
[    0.334704] ACPI: Added _OSI(Linux-Lenovo-NV-HDMI-Audio)
[    0.336009] ACPI: Added _OSI(Linux-HPI-Hybrid-Graphics)
[    0.344506] ACPI: Executed 1 blocks of module-level executable AML code
[    0.371528] ACPI: Interpreter enabled
[    0.372066] ACPI: (supports S0 S5)
[    0.374537] ACPI: Using IOAPIC for interrupt routing
[    0.380732] PCI: Using host bridge windows from ACPI; if necessary, use "pci=nocrs" and report a bug
[    0.384852] ACPI: Enabled 2 GPEs in block 00 to 07
[    0.433299] ACPI: PCI Root Bridge [PCI0] (domain 0000 [bus 00-ff])
[    0.436023] acpi PNP0A03:00: _OSC: OS supports [ASPM ClockPM Segments MSI]
[    0.444931] acpi PNP0A03:00: _OSC: not requesting OS control; OS requires [ExtendedConfig ASPM ClockPM MSI]
[    0.448093] acpi PNP0A03:00: fail to add MMCONFIG information, can't access extended PCI configuration space under this bridge.
[    0.461122] PCI host bridge to bus 0000:00
[    0.463618] pci_bus 0000:00: root bus resource [io  0x0000-0x0cf7 window]
[    0.464012] pci_bus 0000:00: root bus resource [io  0x0d00-0xffff window]
[    0.468010] pci_bus 0000:00: root bus resource [mem 0x000a0000-0x000bffff window]
[    0.476018] pci_bus 0000:00: root bus resource [mem 0x40000000-0xfdffffff window]
[    0.480013] pci_bus 0000:00: root bus resource [bus 00-ff]
[    0.492249] pci 0000:00:01.1: legacy IDE quirk: reg 0x10: [io  0x01f0-0x01f7]
[    0.496000] pci 0000:00:01.1: legacy IDE quirk: reg 0x14: [io  0x03f6]
[    0.500012] pci 0000:00:01.1: legacy IDE quirk: reg 0x18: [io  0x0170-0x0177]
[    0.504009] pci 0000:00:01.1: legacy IDE quirk: reg 0x1c: [io  0x0376]
[    0.561091] pci 0000:00:07.0: quirk: [io  0x4000-0x403f] claimed by PIIX4 ACPI
[    0.564012] pci 0000:00:07.0: quirk: [io  0x4100-0x410f] claimed by PIIX4 SMB
[    0.592833] ACPI: PCI Interrupt Link [LNKA] (IRQs 5 9 10 *11)
[    0.597867] ACPI: PCI Interrupt Link [LNKB] (IRQs 5 9 *10 11)
[    0.604393] ACPI: PCI Interrupt Link [LNKC] (IRQs 5 *9 10 11)
[    0.608509] ACPI: PCI Interrupt Link [LNKD] (IRQs 5 9 10 *11)
[    0.616837] SCSI subsystem initialized
[    0.620236] pci 0000:00:02.0: vgaarb: setting as boot VGA device
[    0.624000] pci 0000:00:02.0: vgaarb: VGA device added: decodes=io+mem,owns=io+mem,locks=none
[    0.628018] pci 0000:00:02.0: vgaarb: bridge control possible
[    0.632007] vgaarb: loaded
[    0.636148] ACPI: bus type USB registered
[    0.640156] usbcore: registered new interface driver usbfs
[    0.644068] usbcore: registered new interface driver hub
[    0.648102] usbcore: registered new device driver usb
[    0.652252] EDAC MC: Ver: 3.0.0
[    0.660172] PCI: Using ACPI for IRQ routing
[    0.665169] NetLabel: Initializing
[    0.667852] NetLabel:  domain hash size = 128
[    0.668012] NetLabel:  protocols = UNLABELED CIPSOv4 CALIPSO
[    0.676095] NetLabel:  unlabeled traffic allowed by default
[    0.684524] clocksource: Switched to clocksource kvm-clock
[    0.758654] VFS: Disk quotas dquot_6.6.0
[    0.761985] VFS: Dquot-cache hash table entries: 512 (order 0, 4096 bytes)
[    0.766945] AppArmor: AppArmor Filesystem Enabled
[    0.770399] pnp: PnP ACPI init
[    0.779806] pnp: PnP ACPI: found 3 devices
[    0.792636] clocksource: acpi_pm: mask: 0xffffff max_cycles: 0xffffff, max_idle_ns: 2085701024 ns
[    0.797966] NET: Registered protocol family 2
[    0.801056] TCP established hash table entries: 8192 (order: 4, 65536 bytes)
[    0.805507] TCP bind hash table entries: 8192 (order: 5, 131072 bytes)
[    0.812471] TCP: Hash tables configured (established 8192 bind 8192)
[    0.816233] UDP hash table entries: 512 (order: 2, 16384 bytes)
[    0.820394] UDP-Lite hash table entries: 512 (order: 2, 16384 bytes)
[    0.824661] NET: Registered protocol family 1
[    0.827221] pci 0000:00:00.0: Limiting direct PCI/PCI transfers
[    0.830823] pci 0000:00:01.0: Activating ISA DMA hang workarounds
[    0.834338] pci 0000:00:02.0: Video device with shadowed ROM at [mem 0x000c0000-0x000dffff]
[    0.839452] Unpacking initramfs...
[    1.956025] Freeing initrd memory: 19216K
[    1.961044] clocksource: tsc: mask: 0xffffffffffffffff max_cycles: 0x36a696ae58e, max_idle_ns: 881590638185 ns
[    1.968362] platform rtc_cmos: registered platform RTC device (no PNP device found)
[    1.973164] Scanning for low memory corruption every 60 seconds
[    1.977657] Initialise system trusted keyrings
[    1.981009] Key type blacklist registered
[    1.983677] workingset: timestamp_bits=36 max_order=18 bucket_order=0
[    1.992417] zbud: loaded
[    1.995913] squashfs: version 4.0 (2009/01/31) Phillip Lougher
[    2.000159] fuse init (API version 7.26)
[    2.008982] Key type asymmetric registered
[    2.011491] Asymmetric key parser 'x509' registered
[    2.015269] Block layer SCSI generic (bsg) driver version 0.4 loaded (major 246)
[    2.020106] io scheduler noop registered
[    2.022738] io scheduler deadline registered
[    2.025731] io scheduler cfq registered (default)
[    2.029537] ACPI: AC Adapter [AC] (on-line)
[    2.032198] input: Power Button as /devices/LNXSYSTM:00/LNXPWRBN:00/input/input0
[    2.036809] ACPI: Power Button [PWRF]
[    2.039345] input: Sleep Button as /devices/LNXSYSTM:00/LNXSLPBN:00/input/input1
[    2.043745] ACPI: Sleep Button [SLPF]
[    2.048374] Serial: 8250/16550 driver, 32 ports, IRQ sharing enabled
[    2.051202] ACPI: Battery Slot [BAT0] (battery present)
[    2.077935] 00:02: ttyS0 at I/O 0x3f8 (irq = 4, base_baud = 115200) is a 16550A
[    2.090120] Linux agpgart interface v0.103
[    2.097082] loop: module loaded
[    2.101096] scsi host0: ata_piix
[    2.103473] scsi host1: ata_piix
[    2.105676] ata1: PATA max UDMA/33 cmd 0x1f0 ctl 0x3f6 bmdma 0xd000 irq 14
[    2.110428] ata2: PATA max UDMA/33 cmd 0x170 ctl 0x376 bmdma 0xd008 irq 15
[    2.115750] libphy: Fixed MDIO Bus: probed
[    2.119604] tun: Universal TUN/TAP device driver, 1.6
[    2.122921] PPP generic driver version 2.4.2
[    2.125946] ehci_hcd: USB 2.0 'Enhanced' Host Controller (EHCI) Driver
[    2.131417] ehci-pci: EHCI PCI platform driver
[    2.134449] ehci-platform: EHCI generic platform driver
[    2.138326] ohci_hcd: USB 1.1 'Open' Host Controller (OHCI) Driver
[    2.143604] ohci-pci: OHCI PCI platform driver
[    2.147765] ohci-platform: OHCI generic platform driver
[    2.151759] uhci_hcd: USB Universal Host Controller Interface driver
[    2.156363] i8042: PNP: PS/2 Controller [PNP0303:PS2K,PNP0f03:PS2M] at 0x60,0x64 irq 1,12
[    2.163228] serio: i8042 KBD port at 0x60,0x64 irq 1
[    2.166518] serio: i8042 AUX port at 0x60,0x64 irq 12
[    2.169656] mousedev: PS/2 mouse device common for all mice
[    2.173585] input: AT Translated Set 2 keyboard as /devices/platform/i8042/serio0/input/input2
[    2.180100] rtc_cmos rtc_cmos: rtc core: registered rtc_cmos as rtc0
[    2.184037] rtc_cmos rtc_cmos: alarms up to one day, 114 bytes nvram
[    2.187776] i2c /dev entries driver
[    2.190272] device-mapper: uevent: version 1.0.3
[    2.193559] device-mapper: ioctl: 4.37.0-ioctl (2017-09-20) initialised: dm-devel@redhat.com
[    2.199004] ledtrig-cpu: registered to indicate activity on CPUs
[    2.203799] NET: Registered protocol family 10
[    2.218219] Segment Routing with IPv6
[    2.220507] NET: Registered protocol family 17
[    2.223342] Key type dns_resolver registered
[    2.227086] mce: Using 0 MCE banks
[    2.229954] RAS: Correctable Errors collector initialized.
[    2.233588] sched_clock: Marking stable (2233525392, 0)->(2890808853, -657283461)
[    2.239300] registered taskstats version 1
[    2.241773] Loading compiled-in X.509 certificates
[    2.251762] Loaded X.509 cert 'Build time autogenerated kernel key: 4655b2c914ed6b33eca2e2b4a955f269ad793254'
[    2.257424] zswap: loaded using pool lzo/zbud
[    2.303971] Key type big_key registered
[    2.306335] Key type trusted registered
[    2.314396] Key type encrypted registered
[    2.316953] AppArmor: AppArmor sha1 policy hashing enabled
[    2.320001] ima: No TPM chip found, activating TPM-bypass! (rc=-19)
[    2.323556] ima: Allocated hash algorithm: sha1
[    2.326390] evm: HMAC attrs: 0x1
[    2.329212]   Magic number: 4:752:67
[    2.332548] rtc_cmos rtc_cmos: setting system clock to 2020-09-05 08:05:44 UTC (1599293144)
[    2.338014] BIOS EDD facility v0.16 2004-Jun-25, 0 devices found
[    2.341634] EDD information not available.
[    2.361439] Freeing unused kernel image memory: 2436K
[    2.952826] Write protecting the kernel read-only data: 20480k
[    2.972136] Freeing unused kernel image memory: 2008K
[    2.987701] Freeing unused kernel image memory: 1872K
[    3.054294] x86/mm: Checked W+X mappings: passed, no W+X pages found.
[    3.059243] x86/mm: Checking user space page tables
[    3.129635] x86/mm: Checked W+X mappings: passed, no W+X pages found.
Loading, please wait...
starting version 237
[    3.406923] e1000: Intel(R) PRO/1000 Network Driver - version 7.3.21-k8-NAPI
[    3.412240] e1000: Copyright (c) 1999-2006 Intel Corporation.
[    3.439098] Fusion MPT base driver 3.04.20
[    3.442412] Copyright (c) 1999-2008 LSI Corporation
[    3.506016] Fusion MPT SPI Host driver 3.04.20
[    3.646044] input: ImExPS/2 Generic Explorer Mouse as /devices/platform/i8042/serio1/input/input4
[    4.080565] e1000 0000:00:03.0 eth0: (PCI:33MHz:32-bit) 02:df:14:00:a4:ed
[    4.085344] e1000 0000:00:03.0 eth0: Intel(R) PRO/1000 Network Connection
[    4.096111] e1000 0000:00:03.0 enp0s3: renamed from eth0
[    4.101153] mptbase: ioc0: Initiating bringup
[    4.201680] ioc0: LSI53C1030 A0: Capabilities={Initiator}
[    4.454646] scsi host2: ioc0: LSI53C1030 A0, FwRev=00000000h, Ports=1, MaxQ=256, IRQ=20
[    4.640054] scsi 2:0:0:0: Direct-Access     VBOX     HARDDISK         1.0  PQ: 0 ANSI: 5
[    5.068116] scsi target2:0:0: Beginning Domain Validation
[    5.084366] scsi target2:0:0: Domain Validation skipping write tests
[    5.094524] scsi target2:0:0: Ending Domain Validation
[    5.104044] scsi target2:0:0: asynchronous
[    5.114424] scsi 2:0:1:0: Direct-Access     VBOX     HARDDISK         1.0  PQ: 0 ANSI: 5
[    6.480178] scsi target2:0:1: Beginning Domain Validation
[    6.490521] random: fast init done
[    6.501429] scsi target2:0:1: Domain Validation skipping write tests
[    6.506801] scsi target2:0:1: Ending Domain Validation
[    6.511736] scsi target2:0:1: asynchronous
[    6.530973] random: systemd-udevd: uninitialized urandom read (16 bytes read)
[    6.531267] sd 2:0:0:0: Attached scsi generic sg0 type 0
[    6.536296] random: systemd-udevd: uninitialized urandom read (16 bytes read)
[    6.541750] sd 2:0:1:0: [sdb] 20480 512-byte logical blocks: (10.5 MB/10.0 MiB)
[    6.546120] random: systemd-udevd: uninitialized urandom read (16 bytes read)
[    6.556282] sd 2:0:1:0: Attached scsi generic sg1 type 0
[    6.559530] sd 2:0:1:0: [sdb] Write Protect is off
[    6.568448] sd 2:0:0:0: [sda] 20971520 512-byte logical blocks: (10.7 GB/10.0 GiB)
[    6.568781] sd 2:0:1:0: [sdb] Incomplete mode parameter data
[    6.578581] sd 2:0:1:0: [sdb] Assuming drive cache: write through
[    6.578650] sd 2:0:0:0: [sda] Write Protect is off
[    6.587991] sd 2:0:0:0: [sda] Incomplete mode parameter data
[    6.592043] sd 2:0:0:0: [sda] Assuming drive cache: write through
[    6.648343]  sda: sda1
[    6.650373] sd 2:0:1:0: [sdb] Attached SCSI disk
[    6.657038] sd 2:0:0:0: [sda] Attached SCSI disk
Begin: Loading essential drivers ... [    9.644582] raid6: sse2x1   gen()  1569 MB/s
[    9.692333] raid6: sse2x1   xor()   919 MB/s
[    9.740284] raid6: sse2x2   gen()  3461 MB/s
[    9.788132] raid6: sse2x2   xor()  1627 MB/s
[    9.836049] raid6: sse2x4   gen()  3946 MB/s
[    9.884778] raid6: sse2x4   xor()  2242 MB/s
[    9.887398] raid6: using algorithm sse2x4 gen() 3946 MB/s
[    9.890729] raid6: .... xor() 2242 MB/s, rmw enabled
[    9.894009] raid6: using ssse3x2 recovery algorithm
[    9.900743] xor: automatically using best checksumming function   avx       
[    9.908683] async_tx: api initialized (async)
done.
Begin: Running /scripts/init-premount ... done.
Begin: Mounting root file system ... Begin: Running /scripts/local-top ... done.
Begin: Running /scripts/local-premount ... [   10.080215] Btrfs loaded, crc32c=crc32c-intel
Scanning for Btrfs filesystems
done.
Warning: fsck not present, so skipping root file system
[   10.295072] EXT4-fs (sda1): mounted filesystem with ordered data mode. Opts: (null)
done.
Begin: Running /scripts/local-bottom ... done.
Begin: Running /scripts/init-bottom ... done.
[   11.710346] ip_tables: (C) 2000-2006 Netfilter Core Team
[   11.835056] systemd[1]: systemd 237 running in system mode. (+PAM +AUDIT +SELINUX +IMA +APPARMOR +SMACK +SYSVINIT +UTMP +LIBCRYPTSETUP +GCRYPT +GNUTLS +ACL +XZ +LZ4 +SECCOMP +BLKID +ELFUTILS +KMOD -IDN2 +IDN -PCRE2 default-hierarchy=hybrid)
[   11.860540] systemd[1]: Detected virtualization oracle.
[   11.868699] systemd[1]: Detected architecture x86-64.

Welcome to [1mUbuntu 18.04.5 LTS[0m!

[   11.955844] systemd[1]: Set hostname to <ubuntu>.
[   12.026245] systemd[1]: Initializing machine ID from random generator.
[   12.036416] systemd[1]: Installed transient /etc/machine-id file.
[   12.361658] random: crng init done
[   12.368751] random: 7 urandom warning(s) missed due to ratelimiting
[   14.806776] systemd[1]: Reached target User and Group Name Lookups.
[[0;32m  OK  [0m] Reached target User and Group Name Lookups.
[   14.817729] systemd[1]: Created slice User and Session Slice.
[[0;32m  OK  [0m] Created slice User and Session Slice.
[   14.823766] systemd[1]: Created slice System Slice.
[[0;32m  OK  [0m] Created slice System Slice.
[   14.978152] systemd[1]: Listening on Device-mapper event daemon FIFOs.
[[0;32m  OK  [0m] Listening on Device-mapper event daemon FIFOs.
[[0;32m  OK  [0m] Listening on Journal Socket.
         Starting Uncomplicated firewall...
[[0;32m  OK  [0m] Listening on LVM2 poll daemon socket.
[[0;32m  OK  [0m] Listening on Journal Socket (/dev/log).
[[0;32m  OK  [0m] Listening on LVM2 metadata daemon socket.
[[0;32m  OK  [0m] Listening on Network Service Netlink Socket.
[[0;32m  OK  [0m] Created slice system-serial\x2dgetty.slice.
         Mounting Kernel Debug File System...
[[0;32m  OK  [0m] Started Forward Password Requests to Wall Directory Watch.
         Mounting POSIX Message Queue File System...
[[0;32m  OK  [0m] Reached target System Time Synchronized.
         Starting Create list of required stâ€¦ce nodes for the current kernel...
[[0;32m  OK  [0m] Listening on Syslog Socket.
[[0;32m  OK  [0m] Listening on udev Kernel Socket.
[[0;32m  OK  [0m] Listening on /dev/initctl Compatibility Named Pipe.
[[0;32m  OK  [0m] Set up automount Arbitrary Executabâ€¦rmats File System Automount Point.
         Mounting Huge Pages File System...
         Starting Remount Root and Kernel File Systems...
[[0;32m  OK  [0m] Listening on Journal Audit Socket.
         Starting Set the console keyboard layout...
[[0;32m  OK  [0m] Reached target Swap.
[[0;32m  OK  [0m] Reached target Slices.
[[0;32m  OK  [0m] Listening on udev Control Socket.
         Starting udev Coldplug all Devices...
         Starting Load Kernel Modules...
         Starting Monitoring of LVM2 mirrorsâ€¦ng dmeventd or progress polling...
         Starting Journal Service...
[   15.228547] EXT4-fs (sda1): re-mounted. Opts: (null)
[[0;32m  OK  [0m] Started Uncomplicated firewall.
[[0;32m  OK  [0m] Mounted Kernel Debug File System.
[[0;32m  OK  [0m] Mounted POSIX Message Queue File System.
[[0;32m  OK  [0m] Started Create list of required staâ€¦vice nodes for the current kernel.
[[0;32m  OK  [0m] Mounted Huge Pages File System.
[[0;32m  OK  [0m] Started Remount Root and Kernel File Systems.
         Starting Load/Save Random Seed...
         Starting Create Static Device Nodes in /dev...
[   15.628885] Loading iSCSI transport class v2.0-870.
[[0;32m  OK  [0m] Started Journal Service.
         Starting Flush Journal to Persistent Storage...
[[0;32m  OK  [0m] Started udev Coldplug all Devices.
[   15.794208] iscsi: registered transport (tcp)
[[0;32m  OK  [0m] Started Load/Save Random Seed.
[   16.007599] systemd-journald[388]: Received request to flush runtime journal from PID 1
[[0;32m  OK  [0m] Started LVM2 metadata daemon.
[[0;32m  OK  [0m] Started Create Static Device Nodes in /dev.
         Starting udev Kernel Device Manager...
[[0;32m  OK  [0m] Started Flush Journal to Persistent Storage.
[[0;32m  OK  [0m] Started Monitoring of LVM2 mirrors,â€¦sing dmeventd or progress polling.
[[0;32m  OK  [0m] Started udev Kernel Device Manager.
[   16.738894] iscsi: registered transport (iser)
[[0;32m  OK  [0m] Started Load Kernel Modules.
         Mounting FUSE Control File System...
         Starting Apply Kernel Variables...
         Mounting Kernel Configuration File System...
[[0;32m  OK  [0m] Mounted FUSE Control File System.
[[0;32m  OK  [0m] Mounted Kernel Configuration File System.
[[0;32m  OK  [0m] Started Apply Kernel Variables.
[[0;32m  OK  [0m] Found device /dev/ttyS0.
[[0;32m  OK  [0m] Listening on Load/Save RF Kill Switch Status /dev/rfkill Watch.
[[0;32m  OK  [0m] Started Set the console keyboard layout.
[[0;32m  OK  [0m] Reached target Local File Systems (Pre).
[[0;32m  OK  [0m] Reached target Local File Systems.
         Starting Commit a transient machine-id on disk...
         Starting Create Volatile Files and Directories...
         Starting ebtables ruleset management...
         Starting AppArmor initialization...
         Starting Tell Plymouth To Write Out Runtime Data...
         Starting Set console font and keymap...
[[0;32m  OK  [0m] Started Dispatch Password Requests to Console Directory Watch.
[[0;32m  OK  [0m] Reached target Local Encrypted Volumes.
[[0;32m  OK  [0m] Started Tell Plymouth To Write Out Runtime Data.
[[0;32m  OK  [0m] Started Set console font and keymap.
[[0;32m  OK  [0m] Started Commit a transient machine-id on disk.
[[0;32m  OK  [0m] Started Create Volatile Files and Directories.
         Starting Update UTMP about System Boot/Shutdown...
[[0;32m  OK  [0m] Started Update UTMP about System Boot/Shutdown.
[[0;32m  OK  [0m] Started ebtables ruleset management.
[[0;32m  OK  [0m] Started AppArmor initialization.
         Starting Load AppArmor profiles managed internally by snapd...
         Starting Initial cloud-init job (pre-networking)...
[[0;32m  OK  [0m] Started Load AppArmor profiles managed internally by snapd.
[   32.960859] cloud-init[642]: Cloud-init v. 20.2-45-g5f7825e2-0ubuntu1~18.04.1 running 'init-local' at Sat, 05 Sep 2020 08:06:13 +0000. Up 31.05 seconds.
[[0;32m  OK  [0m] Started Initial cloud-init job (pre-networking).
[[0;32m  OK  [0m] Reached target Network (Pre).
         Starting Network Service...
[[0;32m  OK  [0m] Started Network Service.
         Starting Network Name Resolution...
         Starting Wait for Network to be Configured...
[[0;32m  OK  [0m] Started Network Name Resolution.
[[0;32m  OK  [0m] Reached target Network.
[[0;32m  OK  [0m] Reached target Host and Network Name Lookups.
[[0;32m  OK  [0m] Started Wait for Network to be Configured.
         Starting Initial cloud-init job (metadata service crawler)...
[   37.768535] cloud-init[753]: Cloud-init v. 20.2-45-g5f7825e2-0ubuntu1~18.04.1 running 'init' at Sat, 05 Sep 2020 08:06:19 +0000. Up 37.05 seconds.
[   37.775554] cloud-init[753]: ci-info: ++++++++++++++++++++++++++++++++++++++Net device info++++++++++++++++++++++++++++++++++++++
[   37.781049] cloud-init[753]: ci-info: +--------+------+----------------------------+---------------+--------+-------------------+
[   37.786664] cloud-init[753]: ci-info: | Device |  Up  |          Address           |      Mask     | Scope  |     Hw-Address    |
[   37.792869] cloud-init[753]: ci-info: +--------+------+----------------------------+---------------+--------+-------------------+
[   37.798688] cloud-init[753]: ci-info: | enp0s3 | True |         10.0.2.15          | 255.255.255.0 | global | 02:df:14:00:a4:ed |
[   37.804942] cloud-init[753]: ci-info: | enp0s3 | True | fe80::df:14ff:fe00:a4ed/64 |       .       |  link  | 02:df:14:00:a4:ed |
[   37.810691] cloud-init[753]: ci-info: |   lo   | True |         127.0.0.1          |   255.0.0.0   |  host  |         .         |
[   37.815757] cloud-init[753]: ci-info: |   lo   | True |          ::1/128           |       .       |  host  |         .         |
[   37.821147] cloud-init[753]: ci-info: +--------+------+----------------------------+---------------+--------+-------------------+
[   37.826535] cloud-init[753]: ci-info: ++++++++++++++++++++++++++++Route IPv4 info+++++++++++++++++++++++++++++
[   37.860071] cloud-init[753]: ci-info: +-------+-------------+----------+-----------------+-----------+-------+
[   37.864967] cloud-init[753]: ci-info: | Route | Destination | Gateway  |     Genmask     | Interface | Flags |
[   37.870024] cloud-init[753]: ci-info: +-------+-------------+----------+-----------------+-----------+-------+
[   37.874824] cloud-init[753]: ci-info: |   0   |   0.0.0.0   | 10.0.2.2 |     0.0.0.0     |   enp0s3  |   UG  |
[   37.879836] cloud-init[753]: ci-info: |   1   |   10.0.2.0  | 0.0.0.0  |  255.255.255.0  |   enp0s3  |   U   |
[   37.884918] cloud-init[753]: ci-info: |   2   |   10.0.2.2  | 0.0.0.0  | 255.255.255.255 |   enp0s3  |   UH  |
[   37.889886] cloud-init[753]: ci-info: +-------+-------------+----------+-----------------+-----------+-------+
[   37.895210] cloud-init[753]: ci-info: +++++++++++++++++++Route IPv6 info+++++++++++++++++++
[   37.899309] cloud-init[753]: ci-info: +-------+-------------+---------+-----------+-------+
[   37.903356] cloud-init[753]: ci-info: | Route | Destination | Gateway | Interface | Flags |
[   37.908073] cloud-init[753]: ci-info: +-------+-------------+---------+-----------+-------+
[   37.912663] cloud-init[753]: ci-info: |   1   |  fe80::/64  |    ::   |   enp0s3  |   U   |
[   37.917027] cloud-init[753]: ci-info: |   3   |    local    |    ::   |   enp0s3  |   U   |
[   37.920902] cloud-init[753]: ci-info: |   4   |   ff00::/8  |    ::   |   enp0s3  |   U   |
[   37.924947] cloud-init[753]: ci-info: +-------+-------------+---------+-----------+-------+
[   40.995901] cloud-init[753]: Generating public/private rsa key pair.
[   40.999339] cloud-init[753]: Your identification has been saved in /etc/ssh/ssh_host_rsa_key.
[   41.005937] cloud-init[753]: Your public key has been saved in /etc/ssh/ssh_host_rsa_key.pub.
[   41.011725] cloud-init[753]: The key fingerprint is:
[   41.015470] cloud-init[753]: SHA256:f/nDTArmSdgEjFQyPoQZYyrl2Rd2b8LCe0r8TJimqaI root@ubuntu-bionic
[   41.021469] cloud-init[753]: The key's randomart image is:
[   41.025120] cloud-init[753]: +---[RSA 2048]----+
[   41.028181] cloud-init[753]: |  . +=B+o        |
[   41.031492] cloud-init[753]: | o =o*.*o.       |
[   41.033966] cloud-init[753]: |. + . * o.o      |
[   41.036843] cloud-init[753]: | .   o * o.      |
[   41.039936] cloud-init[753]: |      B S+       |
[   41.056616] cloud-init[753]: |     = *..=  ..  |
[   41.059818] cloud-init[753]: |    o . o+.oo=   |
[   41.063365] cloud-init[753]: |.  .      o...+  |
[   41.066549] cloud-init[753]: |E..           .. |
[   41.080976] cloud-init[753]: +----[SHA256]-----+
[   41.092586] cloud-init[753]: Generating public/private dsa key pair.
[   41.096797] cloud-init[753]: Your identification has been saved in /etc/ssh/ssh_host_dsa_key.
[   41.113161] cloud-init[753]: Your public key has been saved in /etc/ssh/ssh_host_dsa_key.pub.
[   41.128724] cloud-init[753]: The key fingerprint is:
[   41.132281] cloud-init[753]: SHA256:oabQNu8lP3TUq6tz/yKOd3SZ35FHshZNZXfWgfC+J6U root@ubuntu-bionic
[   41.149264] cloud-init[753]: The key's randomart image is:
[   41.153569] cloud-init[753]: +---[DSA 1024]----+
[[0;32m  OK  [0m[   41.173965] cloud-init[753]: |           .. ..X|
[   41.174954] cloud-init[753]: |            .. o=|
[   41.176910] cloud-init[753]: |        .  . . o |
[   41.179728] cloud-init[753]: |   .   . .. o o o|
[   41.180637] cloud-init[753]: |  . + o S.   o O.|
] [   41.184972] cloud-init[753]: |   o =  . . o Xo.|
[   41.185296] cloud-init[753]: |    . o... o E o+|
[   41.188505] cloud-init[753]: |     . +o.= o o o|
[   41.189683] cloud-init[753]: |      . +Bo=.o.  |
Started Initial cloud-init job (metadata service crawler).[   41.193776] cloud-init[753]: +----[SHA256]-----+
[   41.196514] cloud-init[753]: Generating public/private ecdsa key pair.
[   41.199766] cloud-init[753]: Your identification has been saved in /etc/ssh/ssh_host_ecdsa_key.
[   41.202397] cloud-init[753]: Your public key has been saved in /etc/ssh/ssh_host_ecdsa_key.pub.
[   41.205863] cloud-init[753]: The key fingerprint is:
[   41.209935] cloud-init[753]: SHA256:j7rvLhF4b9HqjfitVWgE7Krr8LI1s7P7W3rhUZlxgW8 root@ubuntu-bionic
[   41.211239] cloud-init[753]: The key's randomart image is:
[   41.214671] cloud-init[753]: +---[ECDSA 256]---+
[   41.217216] cloud-init[753]: |       ..  ...   |

[   41.218449] [[0;32m  OK  [0m] Reached target Cloud-config availability.
[[0;32m  OK  [0m] Reached target Network is Online.
cloud-init[753]: |        ..o .    |
[   41.229519] cloud-init[753]: |     . . ..*     |
[   41.236785]          Starting Availability of block devices...
[[0;32m  OK  [0m] Reached target Remote File Systems (Pre).
[[0;32m  OK  [0m] Reached target Remote File Systems.
[[0;32m  OK  [0m] Reached target System Initialization.
[[0;32m  OK  [0m] Started Discard unused blocks once a week.
cloud-init[753]: [[0;32m  OK  [0m] Listening on ACPID Listen Socket.
[[0;32m  OK  [0m] Listening on UUID daemon activation socket.
|    . o o.=.E    |[[0;32m  OK  [0m] Listening on D-Bus System Message Bus Socket.

[   41.273329] cloud-init[753]: |     . +S+o..    |
         Starting Socket activation for snappy daemon.
[[0;32m  OK  [0m] Started Daily Cleanup of Temporary Directories.
[[0;32m  OK  [0m] Listening on Open-iSCSI iscsid Socket.
[   41.280639] cloud-init[753]: |      o *+ .     |
[[0;32m  OK  [0m] Started Daily apt download activities.
[   41.290926] cloud-init[753]: |  . +. *o=o      |
[   41.294294] cloud-init[753]: |  .+o+o+=o.      |
[   41.297689] cloud-init         Starting LXD - unix socket.
[[0;32m  OK  [0m] Started Daily apt upgrade and clean activities.
[[0;32m  OK  [0m] Started ACPI Events Check.
[[0;32m  OK  [0m] Reached target Paths.
[753]: |  .+B**X*..      |
[[0;32m  OK  [0m] Started Message of the Day.
[[0;32m  OK  [0m] Reached target Timers.
[   41.307358] [[0;32m  OK  [0m] Started Availability of block devices.
[[0;32m  OK  [0m] Listening on Socket activation for snappy daemon.
cloud-init[753]: +----[SHA256]-----+
[[0;32m  OK  [0m] Listening on LXD - unix socket.
[[0;32m  OK  [0m] Reached target Sockets.
[[0;32m  OK  [0m] Reached target Basic System.
[   41.332709]          Starting Accounts Service...
cloud-init[753]: [[0;32m  OK  [0m] Started FUSE filesystem for LXC.
Generating public/private ed25519 key pair.
         Starting LSB: automatic crash report generation...
[   41.365747] cloud-init[753]: Your identification has been saved in /etc/ssh/ssh_host_ed25519_key.
[   41.375262] cloud-init[753]: Your public key has been saved in /etc/ssh/ssh_host_ed25519_key.pub.
[   41.382516] cloud-init[753]: The key fingerprint is:
[   41.385263] cloud-init[753]: SHA256:7PP3o03FBOHcc3W2TT2QHcUxCobzA8/MhSdXR4Ahr3g root@ubuntu-bionic
[   41.408695] cloud-init[753]: The key's randomart image is:
[   41.412713] cloud-init[753]: +--[ED25519 256]--+
[   41.416411] cloud-init[753]: |          ooo+OX&|
[   41.429041] cloud-init[753]: |         +.=oB.BX|
[   41.432432] cloud-init[753]: |          O *.oo*|
[   41.437916] cloud-init[753]: |       . . O   oo|
[   41.442009] cloud-init[753]: |        S E .   o|
[   41.446681] cloud-init[753]: |       . .     . |
[   41.451331] cloud-init[753]: |        o     .  |
[   41.470174] cloud-init[753]: |         o  .o.  |
[   41.474150] cloud-init[753]: |          ...oo. |
[   41.477566] cloud-init[753]: +----[SHA256]-----+
[[0;32m  OK  [0m] Started Regular background program processing daemon.
[[0;32m  OK  [0m] Started Deferred execution scheduler.
[[0;32m  OK  [0m] Started D-Bus System Message Bus.
         Starting System Logging Service...
         Starting Virtualbox guest utils...
         Starting Permit User Sessions...
         Starting Dispatcher daemon for systemd-networkd...
         Starting LSB: Record successful boot for GRUB...
         Starting Snap Daemon...
         Starting Login Service...
         Starting LXD - container startup/shutdown...
[[0;32m  OK  [0m] Started irqbalance daemon.
         Starting Pollinate to seed the pseudo random number generator...
[[0;32m  OK  [0m] Started System Logging Service.
[[0;32m  OK  [0m] Started Permit User Sessions.
[[0;32m  OK  [0m] Started Login Service.
[[0;32m  OK  [0m] Started Unattended Upgrades Shutdown.
         Starting Authorization Manager...
         Starting Terminate Plymouth Boot Screen...
         Starting Hold until boot process finishes up...
[[0;32m  OK  [0m] Started Hold until boot process finishes up.
[[0;32m  OK  [0m] Started Terminate Plymouth Boot Screen.
[[0;32m  OK  [0m] Started Serial Getty on ttyS0.
         Starting Set console scheme...
[[0;32m  OK  [0m] Started LSB: automatic crash report generation.
[[0;32m  OK  [0m] Started Set console scheme.
[[0;32m  OK  [0m] Created slice system-getty.slice.
[[0;32m  OK  [0m] Started Getty on tty1.
[[0;32m  OK  [0m] Reached target Login Prompts.
[[0;32m  OK  [0m] Started LSB: Record successful boot for GRUB.
[[0;32m  OK  [0m] Started Authorization Manager.
[[0;32m  OK  [0m] Started Accounts Service.
[[0;32m  OK  [0m] Started Virtualbox guest utils.
[[0;32m  OK  [0m] Started Dispatcher daemon for systemd-networkd.

Ubuntu 18.04.5 LTS ubuntu-bionic ttyS0

ubuntu-bionic login: [   65.565156] cloud-init[1331]: Cloud-init v. 20.2-45-g5f7825e2-0ubuntu1~18.04.1 running 'modules:config' at Sat, 05 Sep 2020 08:06:37 +0000. Up 55.09 seconds.
ci-info: no authorized SSH keys fingerprints found for user ubuntu.
<14>Sep  5 08:06:50 ec2: 
<14>Sep  5 08:06:50 ec2: #############################################################
<14>Sep  5 08:06:50 ec2: -----BEGIN SSH HOST KEY FINGERPRINTS-----
<14>Sep  5 08:06:50 ec2: 1024 SHA256:oabQNu8lP3TUq6tz/yKOd3SZ35FHshZNZXfWgfC+J6U root@ubuntu-bionic (DSA)
<14>Sep  5 08:06:50 ec2: 256 SHA256:j7rvLhF4b9HqjfitVWgE7Krr8LI1s7P7W3rhUZlxgW8 root@ubuntu-bionic (ECDSA)
<14>Sep  5 08:06:50 ec2: 256 SHA256:7PP3o03FBOHcc3W2TT2QHcUxCobzA8/MhSdXR4Ahr3g root@ubuntu-bionic (ED25519)
<14>Sep  5 08:06:50 ec2: 2048 SHA256:f/nDTArmSdgEjFQyPoQZYyrl2Rd2b8LCe0r8TJimqaI root@ubuntu-bionic (RSA)
<14>Sep  5 08:06:50 ec2: -----END SSH HOST KEY FINGERPRINTS-----
<14>Sep  5 08:06:50 ec2: #############################################################
-----BEGIN SSH HOST KEY KEYS-----
ecdsa-sha2-nistp256 AAAAE2VjZHNhLXNoYTItbmlzdHAyNTYAAAAIbmlzdHAyNTYAAABBBI6q18W3WM23XoKXf/0e6hQ75YB4KRAPwdGNDfvhETx1T+gr8wTK6C5c8ch4oqZAfkO7jkpUKc02dXjDOEwn8I4= root@ubuntu-bionic
ssh-ed25519 AAAAC3NzaC1lZDI1NTE5AAAAIMJLV61vqQhXv2773r90Won7hSjbXEEYhgH9e0AnxQUw root@ubuntu-bionic
ssh-rsa AAAAB3NzaC1yc2EAAAADAQABAAABAQCpZj7CEueDyeQ1PqXuVaEXUo33AP7/+CatBmNd7C8yo7MI897qpfIIjEfpYrkpP6D0dzk+4EBsI3wJO/WlgQ6wjBKzVBYIK+a40e7rBwG5TlIuE7at10eoZq+BVTqM0nMOvSBLnSQjv0qbOAQv8r3kgn7mgAvHyyn4qnJ6UH5EQZigj/MzgXY6o4LaNOBCSYolnuCsQbewFT/4IoT0fVLsexOJwb1qDQ8q+thFCvI0i/VYGwa0nN2Ewnw12qjBQeiz9v7Av/dTvC/+X02ouQ3a775inJVYRYvIkKImns6doJce0WlXZdb/RkW4I848OwjekjemYc9Q2mFXQCVH0HvR root@ubuntu-bionic
-----END SSH HOST KEY KEYS-----
[   68.353309] cloud-init[1621]: Cloud-init v. 20.2-45-g5f7825e2-0ubuntu1~18.04.1 running 'modules:final' at Sat, 05 Sep 2020 08:06:49 +0000. Up 67.56 seconds.
[   68.354371] cloud-init[1621]: ci-info: no authorized SSH keys fingerprints found for user ubuntu.
[   68.369580] cloud-init[1621]: Cloud-init v. 20.2-45-g5f7825e2-0ubuntu1~18.04.1 finished at Sat, 05 Sep 2020 08:06:50 +0000. Datasource DataSourceNoCloud [seed=/dev/sdb][dsmode=net].  Up 68.29 seconds
[[0;32m  OK  [0m] Stopped Unattended Upgrades Shutdown.
         Stopping User Manager for UID 1000...
         Unmounting /vagrant...
[[0;32m  OK  [0m] Closed Load/Save RF Kill Switch Status /dev/rfkill Watch.
[[0;32m  OK  [0m] Stopped target Timers.
[[0;32m  OK  [0m] Stopped Message of the Day.
[[0;32m  OK  [0m] Stopped Daily apt upgrade and clean activities.
[[0;32m  OK  [0m] Stopped Discard unused blocks once a week.
[[0;32m  OK  [0m] Stopped target Host and Network Name Lookups.
[[0;32m  OK  [0m] Stopped Daily Cleanup of Temporary Directories.
[[0;32m  OK  [0m] Stopped target Cloud-init target.
[[0;32m  OK  [0m] Stopped target Graphical Interface.
         Stopping Accounts Service...
         Stopping Authorization Manager...
[[0;32m  OK  [0m] Stopped Execute cloud user/final scripts.
[[0;32m  OK  [0m] Stopped target Multi-User System.
         Stopping Dispatcher daemon for systemd-networkd...
         Stopping Regular background program processing daemon...
         Stopping LSB: automatic crash report generation...
         Stopping System Logging Service...
         Stopping FUSE filesystem for LXC...
[[0;32m  OK  [0m] Stopped target Login Prompts.
         Stopping Serial Getty on ttyS0...
         Stopping Getty on tty1...
         Stopping Virtualbox guest utils...
         Stopping LXD - container startup/shutdown...
         Stopping LSB: Record successful boot for GRUB...
         Stopping OpenBSD Secure Shell server...
         Stopping Session 19 of user vagrant.
         Stopping irqbalance daemon...
[[0;32m  OK  [0m] Stopped Apply the settings specified in cloud-config.
[[0;32m  OK  [0m] Stopped Wait until snapd is fully seeded.
[[0;32m  OK  [0m] Stopped target Network is Online.
         Stopping D-Bus System Message Bus...
         Stopping Deferred execution scheduler...
[[0;32m  OK  [0m] Stopped Daily apt download activities.
[[0;32m  OK  [0m] Stopped target System Time Synchronized.
[[0;32m  OK  [0m] Stopped target Cloud-config availability.
         Stopping Availability of block devices...
[[0;32m  OK  [0m] Stopped Accounts Service.
[[0;32m  OK  [0m] Stopped Regular background program processing daemon.
[[0;32m  OK  [0m] Stopped Deferred execution scheduler.
[[0;32m  OK  [0m] Stopped Dispatcher daemon for systemd-networkd.
[[0;32m  OK  [0m] Stopped Authorization Manager.
[[0;32m  OK  [0m] Stopped Serial Getty on ttyS0.
[[0;32m  OK  [0m] Stopped Getty on tty1.
[[0;32m  OK  [0m] Stopped OpenBSD Secure Shell server.
[[0;32m  OK  [0m] Stopped User Manager for UID 1000.
[[0;32m  OK  [0m] Unmounted /vagrant.
[[0;32m  OK  [0m] Stopped Session 19 of user vagrant.
[[0;32m  OK  [0m] Removed slice User Slice of vagrant.
         Stopping Login Service...
[[0;32m  OK  [0m] Removed slice system-getty.slice.
[[0;32m  OK  [0m] Removed slice system-serial\x2dgetty.slice.
         Stopping Permit User Sessions...
[[0;32m  OK  [0m] Stopped irqbalance daemon.
[[0;32m  OK  [0m] Stopped D-Bus System Message Bus.
[[0;32m  OK  [0m] Stopped LXD - container startup/shutdown.
[[0;32m  OK  [0m] Stopped Login Service.
[[0;32m  OK  [0m] Stopped System Logging Service.
[[0;32m  OK  [0m] Unmounted /var/lib/lxcfs.
[[0;32m  OK  [0m] Stopped Permit User Sessions.
[[0;32m  OK  [0m] Stopped target Network.
         Stopping Network Name Resolution...
[[0;32m  OK  [0m] Stopped target User and Group Name Lookups.
[[0;32m  OK  [0m] Stopped Network Name Resolution.
[[0;32m  OK  [0m] Stopped Availability of block devices.
[[0;32m  OK  [0m] Stopped FUSE filesystem for LXC.
[[0;32m  OK  [0m] Stopped LSB: Record successful boot for GRUB.
[[0;32m  OK  [0m] Stopped LSB: automatic crash report generation.
[[0;32m  OK  [0m] Stopped target Remote File Systems.
[[0;32m  OK  [0m] Stopped target Remote File Systems (Pre).
[[0;32m  OK  [0m] Stopped Virtualbox guest utils.
[[0;32m  OK  [0m] Stopped target Basic System.
[[0;32m  OK  [0m] Stopped target Sockets.
[[0;32m  OK  [0m] Closed Socket activation for snappy daemon.
[[0;32m  OK  [0m] Closed LXD - unix socket.
[[0;32m  OK  [0m] Closed Syslog Socket.
[[0;32m  OK  [0m] Closed ACPID Listen Socket.
[[0;32m  OK  [0m] Closed D-Bus System Message Bus Socket.
[[0;32m  OK  [0m] Closed UUID daemon activation socket.
[[0;32m  OK  [0m] Closed Open-iSCSI iscsid Socket.
[[0;32m  OK  [0m] Stopped target Paths.
[[0;32m  OK  [0m] Stopped ACPI Events Check.
[[0;32m  OK  [0m] Stopped target Slices.
[[0;32m  OK  [0m] Removed slice User and Session Slice.
[[0;32m  OK  [0m] Stopped target System Initialization.
[[0;32m  OK  [0m] Stopped target Local Encrypted Volumes.
[[0;32m  OK  [0m] Stopped Dispatch Password Requests to Console Directory Watch.
[[0;32m  OK  [0m] Stopped Forward Password Requests to Wall Directory Watch.
[[0;32m  OK  [0m] Stopped Initial cloud-init job (metadata service crawler).
[[0;32m  OK  [0m] Stopped Wait for Network to be Configured.
         Stopping Network Service...
[[0;32m  OK  [0m] Stopped Commit a transient machine-id on disk.
         Stopping Update UTMP about System Boot/Shutdown...
         Stopping Load/Save Random Seed...
[[0;32m  OK  [0m] Stopped Network Service.
[[0;32m  OK  [0m] Stopped target Network (Pre).
[[0;32m  OK  [0m] Stopped Initial cloud-init job (pre-networking).
[[0;32m  OK  [0m] Stopped Apply Kernel Variables.
[[0;32m  OK  [0m] Stopped Load Kernel Modules.
[[0;32m  OK  [0m] Stopped Update UTMP about System Boot/Shutdown.
[[0;32m  OK  [0m] Stopped Load/Save Random Seed.
[[0;32m  OK  [0m] Stopped Create Volatile Files and Directories.
[[0;32m  OK  [0m] Stopped target Local File Systems.
         Unmounting /run/user/1000...
[[0;32m  OK  [0m] Unmounted /run/user/1000.
[[0;32m  OK  [0m] Reached target Unmount All Filesystems.
[[0;32m  OK  [0m] Stopped target Swap.
[[0;32m  OK  [0m] Stopped target Local File Systems (Pre).
[[0;32m  OK  [0m] Stopped Create Static Device Nodes in /dev.
[[0;32m  OK  [0m] Stopped Remount Root and Kernel File Systems.
[[0;32m  OK  [0m] Reached target Shutdown.
[[0;32m  OK  [0m] Reached target Final Step.
         Starting Power-Off...
         Stopping Monitoring of LVM2 mirrorsâ€¦ng dmeventd or progress polling...
